
> dreptak@1.0.0 build
> next build

   Ôľ▓ Next.js 15.5.18
   - Environments: .env.local
   - Experiments (use with caution):
     ┬Ě serverActions

   Creating an optimized production build ...
> [PWA] Compile server
> [PWA] Compile server
> [PWA] Compile client (static)
> [PWA] Auto register service worker with: D:\repos\Dreptak\node_modules\next-pwa\register.js
> [PWA] Service worker: D:\repos\Dreptak\public\sw.js
> [PWA]   url: /sw.js
> [PWA]   scope: /
 Ôťô Compiled successfully in 6.1s
   Linting and checking validity of types ...
   Collecting page data ...
node.exe :  ÔÜá Using edge runtime on a page currently disables static generati
on for that page
At line:1 char:1
+ & "C:\Program Files\nodejs/node.exe" "C:\Program Files\nodejs/node_mo ...
+ ~~~~~~~~~~~~~~~~~~~~~~~~~~~~~~~~~~~~~~~~~~~~~~~~~~~~~~~~~~~~~~~~~~~~~
    + CategoryInfo          : NotSpecified: ( ÔÜá Using edge...n for that page 
   :String) [], RemoteException
    + FullyQualifiedErrorId : NativeCommandError
 
   Generating static pages (0/24) ...
   Generating static pages (6/24) 
   Generating static pages (12/24) 
   Generating static pages (18/24) 
 Ôťô Generating static pages (24/24)
   Finalizing page optimization ...
   Collecting build traces ...

Route (app)                                 Size  First Load JS
Ôöî Ăĺ /                                      180 B         103 kB
Ôöť ÔŚő /_not-found                            180 B         103 kB
Ôöť Ăĺ /api/challenges/[id]                   180 B         103 kB
Ôöť Ăĺ /api/challenges/backfill               180 B         103 kB
Ôöť Ăĺ /api/cron/daily-reminder               180 B         103 kB
Ôöť Ăĺ /api/notifications/register-token      180 B         103 kB
Ôöť Ăĺ /api/notifications/send                180 B         103 kB
Ôöť Ăĺ /api/notifications/trigger             180 B         103 kB
Ôöť Ăĺ /api/ocr                               180 B         103 kB
Ôöť Ăĺ /api/og                                180 B         103 kB
Ôöť ÔŚő /apple-icon.png                          0 B            0 B
Ôöť ÔŚő /auth                                9.29 kB         237 kB
Ôöť Ăĺ /auth/callback                         180 B         103 kB
Ôöť Ăĺ /challenges                          5.67 kB         176 kB
Ôöť Ăĺ /challenges/[slug]                   16.9 kB         228 kB
Ôöť Ăĺ /challenges/[slug]/edit              2.62 kB         251 kB
Ôöť Ăĺ /challenges/create                   2.62 kB         251 kB
Ôöť Ăĺ /challenges/join                     1.42 kB         240 kB
Ôöť Ăĺ /firebase-messaging-sw.js              180 B         103 kB
Ôöť Ăĺ /home                                7.81 kB         235 kB
Ôöť ÔŚő /icon.png                                0 B            0 B
Ôöť Ăĺ /join/[code]                           180 B         103 kB
Ôöť Ăĺ /notifications                       4.27 kB         248 kB
Ôöť ÔŚő /onboarding                          4.89 kB         229 kB
Ôöť Ăĺ /profile                             9.85 kB         228 kB
Ôöť Ăĺ /settings                            5.55 kB         194 kB
Ôöť ÔŚő /terms                                 180 B         103 kB
Ôöö Ăĺ /upload                              6.78 kB         251 kB
+ First Load JS shared by all             103 kB
  Ôöť chunks/1255-b28ea36bf0cdbd65.js      46.2 kB
  Ôöť chunks/4bd1b696-f785427dddbba9fb.js  54.2 kB
  Ôöö other shared chunks (total)           2.2 kB


Ăĺ Middleware                               88 kB

ÔŚő  (Static)   prerendered as static content
Ăĺ  (Dynamic)  server-rendered on demand

